Archive member included to satisfy reference by file (symbol)

c:/ac6/systemworkbench/plugins/fr.ac6.mcu.externaltools.arm-none.win32_1.15.0.201708311556/tools/compiler/bin/../lib/gcc/arm-none-eabi/6.3.1/../../../../arm-none-eabi/lib/thumb/v7e-m/fpv4-sp/hard\libc.a(lib_a-errno.o)
                              src/syscalls.o (__errno)
c:/ac6/systemworkbench/plugins/fr.ac6.mcu.externaltools.arm-none.win32_1.15.0.201708311556/tools/compiler/bin/../lib/gcc/arm-none-eabi/6.3.1/../../../../arm-none-eabi/lib/thumb/v7e-m/fpv4-sp/hard\libc.a(lib_a-exit.o)
                              c:/ac6/systemworkbench/plugins/fr.ac6.mcu.externaltools.arm-none.win32_1.15.0.201708311556/tools/compiler/bin/../lib/gcc/arm-none-eabi/6.3.1/../../../../arm-none-eabi/lib/thumb/v7e-m/fpv4-sp/hard/crt0.o (exit)
c:/ac6/systemworkbench/plugins/fr.ac6.mcu.externaltools.arm-none.win32_1.15.0.201708311556/tools/compiler/bin/../lib/gcc/arm-none-eabi/6.3.1/../../../../arm-none-eabi/lib/thumb/v7e-m/fpv4-sp/hard\libc.a(lib_a-impure.o)
                              c:/ac6/systemworkbench/plugins/fr.ac6.mcu.externaltools.arm-none.win32_1.15.0.201708311556/tools/compiler/bin/../lib/gcc/arm-none-eabi/6.3.1/../../../../arm-none-eabi/lib/thumb/v7e-m/fpv4-sp/hard\libc.a(lib_a-exit.o) (_global_impure_ptr)
c:/ac6/systemworkbench/plugins/fr.ac6.mcu.externaltools.arm-none.win32_1.15.0.201708311556/tools/compiler/bin/../lib/gcc/arm-none-eabi/6.3.1/../../../../arm-none-eabi/lib/thumb/v7e-m/fpv4-sp/hard\libc.a(lib_a-init.o)
                              c:/ac6/systemworkbench/plugins/fr.ac6.mcu.externaltools.arm-none.win32_1.15.0.201708311556/tools/compiler/bin/../lib/gcc/arm-none-eabi/6.3.1/../../../../arm-none-eabi/lib/thumb/v7e-m/fpv4-sp/hard/crt0.o (__libc_init_array)
c:/ac6/systemworkbench/plugins/fr.ac6.mcu.externaltools.arm-none.win32_1.15.0.201708311556/tools/compiler/bin/../lib/gcc/arm-none-eabi/6.3.1/../../../../arm-none-eabi/lib/thumb/v7e-m/fpv4-sp/hard\libc.a(lib_a-memcpy.o)
                              src/I2C.o (memcpy)
c:/ac6/systemworkbench/plugins/fr.ac6.mcu.externaltools.arm-none.win32_1.15.0.201708311556/tools/compiler/bin/../lib/gcc/arm-none-eabi/6.3.1/../../../../arm-none-eabi/lib/thumb/v7e-m/fpv4-sp/hard\libc.a(lib_a-memset.o)
                              c:/ac6/systemworkbench/plugins/fr.ac6.mcu.externaltools.arm-none.win32_1.15.0.201708311556/tools/compiler/bin/../lib/gcc/arm-none-eabi/6.3.1/../../../../arm-none-eabi/lib/thumb/v7e-m/fpv4-sp/hard/crt0.o (memset)
c:/ac6/systemworkbench/plugins/fr.ac6.mcu.externaltools.arm-none.win32_1.15.0.201708311556/tools/compiler/bin/../lib/gcc/arm-none-eabi/6.3.1/../../../../arm-none-eabi/lib/thumb/v7e-m/fpv4-sp/hard\libc.a(lib_a-__call_atexit.o)
                              c:/ac6/systemworkbench/plugins/fr.ac6.mcu.externaltools.arm-none.win32_1.15.0.201708311556/tools/compiler/bin/../lib/gcc/arm-none-eabi/6.3.1/../../../../arm-none-eabi/lib/thumb/v7e-m/fpv4-sp/hard\libc.a(lib_a-exit.o) (__call_exitprocs)
c:/ac6/systemworkbench/plugins/fr.ac6.mcu.externaltools.arm-none.win32_1.15.0.201708311556/tools/compiler/bin/../lib/gcc/arm-none-eabi/6.3.1/../../../../arm-none-eabi/lib/thumb/v7e-m/fpv4-sp/hard\libc.a(lib_a-atexit.o)
                              c:/ac6/systemworkbench/plugins/fr.ac6.mcu.externaltools.arm-none.win32_1.15.0.201708311556/tools/compiler/bin/../lib/gcc/arm-none-eabi/6.3.1/../../../../arm-none-eabi/lib/thumb/v7e-m/fpv4-sp/hard\libc.a(lib_a-__call_atexit.o) (atexit)
c:/ac6/systemworkbench/plugins/fr.ac6.mcu.externaltools.arm-none.win32_1.15.0.201708311556/tools/compiler/bin/../lib/gcc/arm-none-eabi/6.3.1/../../../../arm-none-eabi/lib/thumb/v7e-m/fpv4-sp/hard\libc.a(lib_a-fini.o)
                              c:/ac6/systemworkbench/plugins/fr.ac6.mcu.externaltools.arm-none.win32_1.15.0.201708311556/tools/compiler/bin/../lib/gcc/arm-none-eabi/6.3.1/../../../../arm-none-eabi/lib/thumb/v7e-m/fpv4-sp/hard\libc.a(lib_a-__call_atexit.o) (__libc_fini_array)
c:/ac6/systemworkbench/plugins/fr.ac6.mcu.externaltools.arm-none.win32_1.15.0.201708311556/tools/compiler/bin/../lib/gcc/arm-none-eabi/6.3.1/../../../../arm-none-eabi/lib/thumb/v7e-m/fpv4-sp/hard\libc.a(lib_a-lock.o)
                              c:/ac6/systemworkbench/plugins/fr.ac6.mcu.externaltools.arm-none.win32_1.15.0.201708311556/tools/compiler/bin/../lib/gcc/arm-none-eabi/6.3.1/../../../../arm-none-eabi/lib/thumb/v7e-m/fpv4-sp/hard\libc.a(lib_a-__call_atexit.o) (__retarget_lock_acquire_recursive)
c:/ac6/systemworkbench/plugins/fr.ac6.mcu.externaltools.arm-none.win32_1.15.0.201708311556/tools/compiler/bin/../lib/gcc/arm-none-eabi/6.3.1/../../../../arm-none-eabi/lib/thumb/v7e-m/fpv4-sp/hard\libc.a(lib_a-__atexit.o)
                              c:/ac6/systemworkbench/plugins/fr.ac6.mcu.externaltools.arm-none.win32_1.15.0.201708311556/tools/compiler/bin/../lib/gcc/arm-none-eabi/6.3.1/../../../../arm-none-eabi/lib/thumb/v7e-m/fpv4-sp/hard\libc.a(lib_a-atexit.o) (__register_exitproc)

Allocating common symbols
[...]
Memory Configuration

Name             Origin             Length             Attributes
RAM              0x20000000         0x00020000         xrw
ROM              0x08000000         0x00080000         xr
*default*        0x00000000         0xffffffff

Linker script and memory map

LOAD c:/ac6/systemworkbench/plugins/fr.ac6.mcu.externaltools.arm-none.win32_1.15.0.201708311556/tools/compiler/bin/../lib/gcc/arm-none-eabi/6.3.1/thumb/v7e-m/fpv4-sp/hard/crti.o
LOAD c:/ac6/systemworkbench/plugins/fr.ac6.mcu.externaltools.arm-none.win32_1.15.0.201708311556/tools/compiler/bin/../lib/gcc/arm-none-eabi/6.3.1/thumb/v7e-m/fpv4-sp/hard/crtbegin.o
LOAD c:/ac6/systemworkbench/plugins/fr.ac6.mcu.externaltools.arm-none.win32_1.15.0.201708311556/tools/compiler/bin/../lib/gcc/arm-none-eabi/6.3.1/../../../../arm-none-eabi/lib/thumb/v7e-m/fpv4-sp/hard/crt0.o
LOAD StdPeriph_Driver/src/misc.o
LOAD StdPeriph_Driver/src/stm32f4xx_adc.o
LOAD StdPeriph_Driver/src/stm32f4xx_can.o
LOAD StdPeriph_Driver/src/stm32f4xx_cec.o
LOAD StdPeriph_Driver/src/stm32f4xx_crc.o
LOAD StdPeriph_Driver/src/stm32f4xx_cryp.o
LOAD StdPeriph_Driver/src/stm32f4xx_cryp_aes.o
LOAD StdPeriph_Driver/src/stm32f4xx_cryp_des.o
LOAD StdPeriph_Driver/src/stm32f4xx_cryp_tdes.o
LOAD StdPeriph_Driver/src/stm32f4xx_dac.o
LOAD StdPeriph_Driver/src/stm32f4xx_dbgmcu.o
LOAD StdPeriph_Driver/src/stm32f4xx_dcmi.o
LOAD StdPeriph_Driver/src/stm32f4xx_dfsdm.o
LOAD StdPeriph_Driver/src/stm32f4xx_dma.o
LOAD StdPeriph_Driver/src/stm32f4xx_dma2d.o
LOAD StdPeriph_Driver/src/stm32f4xx_dsi.o
LOAD StdPeriph_Driver/src/stm32f4xx_exti.o
LOAD StdPeriph_Driver/src/stm32f4xx_flash.o
LOAD StdPeriph_Driver/src/stm32f4xx_flash_ramfunc.o
LOAD StdPeriph_Driver/src/stm32f4xx_fmc.o
LOAD StdPeriph_Driver/src/stm32f4xx_fmip2c.o
LOAD StdPeriph_Driver/src/stm32f4xx_fsmc.o
LOAD StdPeriph_Driver/src/stm32f4xx_gpio.o
LOAD StdPeriph_Driver/src/stm32f4xx_hash.o
LOAD StdPeriph_Driver/src/stm32f4xx_hash_md5.o
LOAD StdPeriph_Driver/src/stm32f4xx_hash_sha1.o
LOAD StdPeriph_Driver/src/stm32f4xx_i2c.o
LOAD StdPeriph_Driver/src/stm32f4xx_iwdg.o
LOAD StdPeriph_Driver/src/stm32f4xx_lptim.o
LOAD StdPeriph_Driver/src/stm32f4xx_ltdc.o
LOAD StdPeriph_Driver/src/stm32f4xx_pwr.o
LOAD StdPeriph_Driver/src/stm32f4xx_qspi.o
LOAD StdPeriph_Driver/src/stm32f4xx_rcc.o
LOAD StdPeriph_Driver/src/stm32f4xx_rng.o
LOAD StdPeriph_Driver/src/stm32f4xx_rtc.o
LOAD StdPeriph_Driver/src/stm32f4xx_sai.o
LOAD StdPeriph_Driver/src/stm32f4xx_sdio.o
LOAD StdPeriph_Driver/src/stm32f4xx_spdifrx.o
LOAD StdPeriph_Driver/src/stm32f4xx_spi.o
LOAD StdPeriph_Driver/src/stm32f4xx_syscfg.o
LOAD StdPeriph_Driver/src/stm32f4xx_tim.o
LOAD StdPeriph_Driver/src/stm32f4xx_usart.o
LOAD StdPeriph_Driver/src/stm32f4xx_wwdg.o
LOAD src/I2C.o
LOAD src/main.o
LOAD src/syscalls.o
LOAD src/system_stm32f4xx.o
LOAD startup/startup_stm32.o
LOAD c:/ac6/systemworkbench/plugins/fr.ac6.mcu.externaltools.arm-none.win32_1.15.0.201708311556/tools/compiler/bin/../lib/gcc/arm-none-eabi/6.3.1/../../../../arm-none-eabi/lib/thumb/v7e-m/fpv4-sp/hard\libm.a
START GROUP
LOAD c:/ac6/systemworkbench/plugins/fr.ac6.mcu.externaltools.arm-none.win32_1.15.0.201708311556/tools/compiler/bin/../lib/gcc/arm-none-eabi/6.3.1/thumb/v7e-m/fpv4-sp/hard\libgcc.a
LOAD c:/ac6/systemworkbench/plugins/fr.ac6.mcu.externaltools.arm-none.win32_1.15.0.201708311556/tools/compiler/bin/../lib/gcc/arm-none-eabi/6.3.1/../../../../arm-none-eabi/lib/thumb/v7e-m/fpv4-sp/hard\libc.a
END GROUP
LOAD c:/ac6/systemworkbench/plugins/fr.ac6.mcu.externaltools.arm-none.win32_1.15.0.201708311556/tools/compiler/bin/../lib/gcc/arm-none-eabi/6.3.1/thumb/v7e-m/fpv4-sp/hard/crtend.o
LOAD c:/ac6/systemworkbench/plugins/fr.ac6.mcu.externaltools.arm-none.win32_1.15.0.201708311556/tools/compiler/bin/../lib/gcc/arm-none-eabi/6.3.1/thumb/v7e-m/fpv4-sp/hard/crtn.o
                0x20020000                _estack = 0x20020000
                0x00000000                _Min_Heap_Size = 0x0
                0x00000400                _Min_Stack_Size = 0x400

.isr_vector     0x08000000      0x194
                0x08000000                . = ALIGN (0x4)
 *(.isr_vector)
 .isr_vector    0x08000000      0x194 startup/startup_stm32.o
                0x08000000                g_pfnVectors
                0x08000194                . = ALIGN (0x4)

.text           0x08000194     0x10a0
                0x08000194                . = ALIGN (0x4)
 *(.text)
 .text          0x08000194       0x6c c:/ac6/systemworkbench/plugins/fr.ac6.mcu.externaltools.arm-none.win32_1.15.0.201708311556/tools/compiler/bin/../lib/gcc/arm-none-eabi/6.3.1/thumb/v7e-m/fpv4-sp/hard/crtbegin.o
 .text          0x08000200      0x134 c:/ac6/systemworkbench/plugins/fr.ac6.mcu.externaltools.arm-none.win32_1.15.0.201708311556/tools/compiler/bin/../lib/gcc/arm-none-eabi/6.3.1/../../../../arm-none-eabi/lib/thumb/v7e-m/fpv4-sp/hard\libc.a(lib_a-memcpy.o)
                0x08000200                memcpy
 *(.text*)
 .text.NVIC_Init
                0x08000334       0xc4 StdPeriph_Driver/src/misc.o
                0x08000334                NVIC_Init
 .text.GPIO_Init
                0x080003f8      0x11c StdPeriph_Driver/src/stm32f4xx_gpio.o
                0x080003f8                GPIO_Init
 .text.GPIO_PinAFConfig
                0x08000514       0x92 StdPeriph_Driver/src/stm32f4xx_gpio.o
                0x08000514                GPIO_PinAFConfig
 *fill*         0x080005a6        0x2 
 .text.I2C_DeInit
                0x080005a8       0x74 StdPeriph_Driver/src/stm32f4xx_i2c.o
                0x080005a8                I2C_DeInit
 .text.I2C_Init
                0x0800061c      0x184 StdPeriph_Driver/src/stm32f4xx_i2c.o
                0x0800061c                I2C_Init
 .text.I2C_Cmd  0x080007a0       0x40 StdPeriph_Driver/src/stm32f4xx_i2c.o
                0x080007a0                I2C_Cmd
 .text.RCC_GetClocksFreq
                0x080007e0      0x150 StdPeriph_Driver/src/stm32f4xx_rcc.o
                0x080007e0                RCC_GetClocksFreq
 .text.RCC_AHB1PeriphClockCmd
                0x08000930       0x40 StdPeriph_Driver/src/stm32f4xx_rcc.o
                0x08000930                RCC_AHB1PeriphClockCmd
 .text.RCC_APB1PeriphClockCmd
                0x08000970       0x40 StdPeriph_Driver/src/stm32f4xx_rcc.o
                0x08000970                RCC_APB1PeriphClockCmd
 .text.RCC_APB1PeriphResetCmd
                0x080009b0       0x40 StdPeriph_Driver/src/stm32f4xx_rcc.o
                0x080009b0                RCC_APB1PeriphResetCmd
 .text.I2C_setup
                0x080009f0       0x68 src/I2C.o
                0x080009f0                I2C_setup
 .text.I2C_init
                0x08000a58       0x58 src/I2C.o
 .text.I2C_read
                0x08000ab0       0xa0 src/I2C.o
                0x08000ab0                I2C_read
 .text.I2C_write
                0x08000b50       0xb4 src/I2C.o
                0x08000b50                I2C_write
 .text.I2C1_EV_IRQHandler
                0x08000c04      0x318 src/I2C.o
                0x08000c04                I2C1_EV_IRQHandler
 .text.main     0x08000f1c       0x30 src/main.o
                0x08000f1c                main
 .text.SystemInit
                0x08000f4c       0x6c src/system_stm32f4xx.o
                0x08000f4c                SystemInit
 .text.SetSysClock
                0x08000fb8       0xa0 src/system_stm32f4xx.o
 .text.Reset_Handler
                0x08001058       0x50 startup/startup_stm32.o
                0x08001058                Reset_Handler
 .text.Default_Handler
                0x080010a8        0x2 startup/startup_stm32.o
                0x080010a8                RTC_Alarm_IRQHandler
                0x080010a8                EXTI2_IRQHandler
                0x080010a8                DebugMon_Handler
                0x080010a8                SPI4_IRQHandler
                0x080010a8                TIM1_CC_IRQHandler
                0x080010a8                HardFault_Handler
                0x080010a8                SysTick_Handler
                0x080010a8                PVD_IRQHandler
                0x080010a8                SDIO_IRQHandler
                0x080010a8                TAMP_STAMP_IRQHandler
                0x080010a8                PendSV_Handler
                0x080010a8                NMI_Handler
                0x080010a8                EXTI3_IRQHandler
                0x080010a8                TIM1_UP_TIM10_IRQHandler
                0x080010a8                I2C3_ER_IRQHandler
                0x080010a8                EXTI0_IRQHandler
                0x080010a8                I2C2_EV_IRQHandler
                0x080010a8                FPU_IRQHandler
                0x080010a8                UsageFault_Handler
                0x080010a8                SPI1_IRQHandler
                0x080010a8                TIM1_BRK_TIM9_IRQHandler
                0x080010a8                TIM3_IRQHandler
                0x080010a8                RCC_IRQHandler
                0x080010a8                Default_Handler
                0x080010a8                EXTI15_10_IRQHandler
                0x080010a8                ADC_IRQHandler
                0x080010a8                I2C3_EV_IRQHandler
                0x080010a8                EXTI9_5_IRQHandler
                0x080010a8                RTC_WKUP_IRQHandler
                0x080010a8                SPI2_IRQHandler
                0x080010a8                MemManage_Handler
                0x080010a8                SVC_Handler
                0x080010a8                EXTI4_IRQHandler
                0x080010a8                TIM2_IRQHandler
                0x080010a8                OTG_FS_WKUP_IRQHandler
                0x080010a8                TIM1_TRG_COM_TIM11_IRQHandler
                0x080010a8                EXTI1_IRQHandler
                0x080010a8                I2C2_ER_IRQHandler
                0x080010a8                FLASH_IRQHandler
                0x080010a8                BusFault_Handler
                0x080010a8                OTG_FS_IRQHandler
                0x080010a8                SPI3_IRQHandler
                0x080010a8                I2C1_ER_IRQHandler
 *fill*         0x080010aa        0x2 
 .text.__libc_init_array
                0x080010ac       0x50 c:/ac6/systemworkbench/plugins/fr.ac6.mcu.externaltools.arm-none.win32_1.15.0.201708311556/tools/compiler/bin/../lib/gcc/arm-none-eabi/6.3.1/../../../../arm-none-eabi/lib/thumb/v7e-m/fpv4-sp/hard\libc.a(lib_a-init.o)
                0x080010ac                __libc_init_array
 .text.startup.register_fini
                0x080010fc       0x14 c:/ac6/systemworkbench/plugins/fr.ac6.mcu.externaltools.arm-none.win32_1.15.0.201708311556/tools/compiler/bin/../lib/gcc/arm-none-eabi/6.3.1/../../../../arm-none-eabi/lib/thumb/v7e-m/fpv4-sp/hard\libc.a(lib_a-__call_atexit.o)
 .text.atexit   0x08001110        0xc c:/ac6/systemworkbench/plugins/fr.ac6.mcu.externaltools.arm-none.win32_1.15.0.201708311556/tools/compiler/bin/../lib/gcc/arm-none-eabi/6.3.1/../../../../arm-none-eabi/lib/thumb/v7e-m/fpv4-sp/hard\libc.a(lib_a-atexit.o)
                0x08001110                atexit
 .text.__libc_fini_array
                0x0800111c       0x34 c:/ac6/systemworkbench/plugins/fr.ac6.mcu.externaltools.arm-none.win32_1.15.0.201708311556/tools/compiler/bin/../lib/gcc/arm-none-eabi/6.3.1/../../../../arm-none-eabi/lib/thumb/v7e-m/fpv4-sp/hard\libc.a(lib_a-fini.o)
                0x0800111c                __libc_fini_array
 .text.__retarget_lock_acquire_recursive
                0x08001150        0x4 c:/ac6/systemworkbench/plugins/fr.ac6.mcu.externaltools.arm-none.win32_1.15.0.201708311556/tools/compiler/bin/../lib/gcc/arm-none-eabi/6.3.1/../../../../arm-none-eabi/lib/thumb/v7e-m/fpv4-sp/hard\libc.a(lib_a-lock.o)
                0x08001150                __retarget_lock_acquire_recursive
 .text.__retarget_lock_release_recursive
                0x08001154        0x4 c:/ac6/systemworkbench/plugins/fr.ac6.mcu.externaltools.arm-none.win32_1.15.0.201708311556/tools/compiler/bin/../lib/gcc/arm-none-eabi/6.3.1/../../../../arm-none-eabi/lib/thumb/v7e-m/fpv4-sp/hard\libc.a(lib_a-lock.o)
                0x08001154                __retarget_lock_release_recursive
 .text.__register_exitproc
                0x08001158       0xc4 c:/ac6/systemworkbench/plugins/fr.ac6.mcu.externaltools.arm-none.win32_1.15.0.201708311556/tools/compiler/bin/../lib/gcc/arm-none-eabi/6.3.1/../../../../arm-none-eabi/lib/thumb/v7e-m/fpv4-sp/hard\libc.a(lib_a-__atexit.o)
                0x08001158                __register_exitproc
 *(.glue_7)
 .glue_7        0x0800121c        0x0 linker stubs
 *(.glue_7t)
 .glue_7t       0x0800121c        0x0 linker stubs
 *(.eh_frame)
 .eh_frame      0x0800121c        0x0 c:/ac6/systemworkbench/plugins/fr.ac6.mcu.externaltools.arm-none.win32_1.15.0.201708311556/tools/compiler/bin/../lib/gcc/arm-none-eabi/6.3.1/thumb/v7e-m/fpv4-sp/hard/crtbegin.o
 *(.init)
 .init          0x0800121c        0x4 c:/ac6/systemworkbench/plugins/fr.ac6.mcu.externaltools.arm-none.win32_1.15.0.201708311556/tools/compiler/bin/../lib/gcc/arm-none-eabi/6.3.1/thumb/v7e-m/fpv4-sp/hard/crti.o
                0x0800121c                _init
 .init          0x08001220        0x8 c:/ac6/systemworkbench/plugins/fr.ac6.mcu.externaltools.arm-none.win32_1.15.0.201708311556/tools/compiler/bin/../lib/gcc/arm-none-eabi/6.3.1/thumb/v7e-m/fpv4-sp/hard/crtn.o
 *(.fini)
 .fini          0x08001228        0x4 c:/ac6/systemworkbench/plugins/fr.ac6.mcu.externaltools.arm-none.win32_1.15.0.201708311556/tools/compiler/bin/../lib/gcc/arm-none-eabi/6.3.1/thumb/v7e-m/fpv4-sp/hard/crti.o
                0x08001228                _fini
 .fini          0x0800122c        0x8 c:/ac6/systemworkbench/plugins/fr.ac6.mcu.externaltools.arm-none.win32_1.15.0.201708311556/tools/compiler/bin/../lib/gcc/arm-none-eabi/6.3.1/thumb/v7e-m/fpv4-sp/hard/crtn.o
                0x08001234                . = ALIGN (0x4)
                0x08001234                _etext = .

.vfp11_veneer   0x08001234        0x0
 .vfp11_veneer  0x08001234        0x0 linker stubs

.v4_bx          0x08001234        0x0
 .v4_bx         0x08001234        0x0 linker stubs

.iplt           0x08001234        0x0
 .iplt          0x08001234        0x0 c:/ac6/systemworkbench/plugins/fr.ac6.mcu.externaltools.arm-none.win32_1.15.0.201708311556/tools/compiler/bin/../lib/gcc/arm-none-eabi/6.3.1/thumb/v7e-m/fpv4-sp/hard/crtbegin.o

.rodata         0x08001234        0x4
                0x08001234                . = ALIGN (0x4)
 *(.rodata)
 *(.rodata*)
 .rodata._global_impure_ptr
                0x08001234        0x4 c:/ac6/systemworkbench/plugins/fr.ac6.mcu.externaltools.arm-none.win32_1.15.0.201708311556/tools/compiler/bin/../lib/gcc/arm-none-eabi/6.3.1/../../../../arm-none-eabi/lib/thumb/v7e-m/fpv4-sp/hard\libc.a(lib_a-impure.o)
                0x08001234                _global_impure_ptr
                0x08001238                . = ALIGN (0x4)

.rel.dyn        0x08001238        0x0
 .rel.iplt      0x08001238        0x0 c:/ac6/systemworkbench/plugins/fr.ac6.mcu.externaltools.arm-none.win32_1.15.0.201708311556/tools/compiler/bin/../lib/gcc/arm-none-eabi/6.3.1/thumb/v7e-m/fpv4-sp/hard/crtbegin.o

.ARM.extab      0x08001238        0x0
                0x08001238                . = ALIGN (0x4)
 *(.ARM.extab* .gnu.linkonce.armextab.*)
                0x08001238                . = ALIGN (0x4)

.ARM            0x08001238        0x0
                0x08001238                . = ALIGN (0x4)
                0x08001238                __exidx_start = .
 *(.ARM.exidx*)
                0x08001238                __exidx_end = .
                0x08001238                . = ALIGN (0x4)

.preinit_array  0x08001238        0x0
                0x08001238                . = ALIGN (0x4)
                0x08001238                PROVIDE (__preinit_array_start, .)
 *(.preinit_array*)
                0x08001238                PROVIDE (__preinit_array_end, .)
                0x08001238                . = ALIGN (0x4)

.init_array     0x08001238        0x8
                0x08001238                . = ALIGN (0x4)
                0x08001238                PROVIDE (__init_array_start, .)
 *(SORT(.init_array.*))
 .init_array.00000
                0x08001238        0x4 c:/ac6/systemworkbench/plugins/fr.ac6.mcu.externaltools.arm-none.win32_1.15.0.201708311556/tools/compiler/bin/../lib/gcc/arm-none-eabi/6.3.1/../../../../arm-none-eabi/lib/thumb/v7e-m/fpv4-sp/hard\libc.a(lib_a-__call_atexit.o)
 *(.init_array*)
 .init_array    0x0800123c        0x4 c:/ac6/systemworkbench/plugins/fr.ac6.mcu.externaltools.arm-none.win32_1.15.0.201708311556/tools/compiler/bin/../lib/gcc/arm-none-eabi/6.3.1/thumb/v7e-m/fpv4-sp/hard/crtbegin.o
                0x08001240                PROVIDE (__init_array_end, .)
                0x08001240                . = ALIGN (0x4)

.fini_array     0x08001240        0x4
                0x08001240                . = ALIGN (0x4)
                0x08001240                PROVIDE (__fini_array_start, .)
 *(SORT(.fini_array.*))
 *(.fini_array*)
 .fini_array    0x08001240        0x4 c:/ac6/systemworkbench/plugins/fr.ac6.mcu.externaltools.arm-none.win32_1.15.0.201708311556/tools/compiler/bin/../lib/gcc/arm-none-eabi/6.3.1/thumb/v7e-m/fpv4-sp/hard/crtbegin.o
                0x08001244                PROVIDE (__fini_array_end, .)
                0x08001244                . = ALIGN (0x4)
                0x08001244                _sidata = LOADADDR (.data)

.data           0x20000000      0x444 load address 0x08001244
                0x20000000                . = ALIGN (0x4)
                0x20000000                _sdata = .
 *(.data)
 .data          0x20000000       0x10 StdPeriph_Driver/src/stm32f4xx_rcc.o
 .data          0x20000010        0x1 src/I2C.o
                0x20000010                I2C_state
 *(.data*)
 *fill*         0x20000011        0x7 
 .data.impure_data
                0x20000018      0x428 c:/ac6/systemworkbench/plugins/fr.ac6.mcu.externaltools.arm-none.win32_1.15.0.201708311556/tools/compiler/bin/../lib/gcc/arm-none-eabi/6.3.1/../../../../arm-none-eabi/lib/thumb/v7e-m/fpv4-sp/hard\libc.a(lib_a-impure.o)
 .data.__atexit_recursive_mutex
                0x20000440        0x4 c:/ac6/systemworkbench/plugins/fr.ac6.mcu.externaltools.arm-none.win32_1.15.0.201708311556/tools/compiler/bin/../lib/gcc/arm-none-eabi/6.3.1/../../../../arm-none-eabi/lib/thumb/v7e-m/fpv4-sp/hard\libc.a(lib_a-__call_atexit.o)
                0x20000440                __atexit_recursive_mutex
                0x20000444                . = ALIGN (0x4)
                0x20000444                _edata = .

.jcr            0x20000444        0x0 load address 0x08001688
 .jcr           0x20000444        0x0 c:/ac6/systemworkbench/plugins/fr.ac6.mcu.externaltools.arm-none.win32_1.15.0.201708311556/tools/compiler/bin/../lib/gcc/arm-none-eabi/6.3.1/thumb/v7e-m/fpv4-sp/hard/crtbegin.o

.igot.plt       0x20000444        0x0 load address 0x08001688
 .igot.plt      0x20000444        0x0 c:/ac6/systemworkbench/plugins/fr.ac6.mcu.externaltools.arm-none.win32_1.15.0.201708311556/tools/compiler/bin/../lib/gcc/arm-none-eabi/6.3.1/thumb/v7e-m/fpv4-sp/hard/crtbegin.o
                0x20000444                . = ALIGN (0x4)

.bss            0x20000444       0x54 load address 0x08001688
                0x20000444                _sbss = .
                0x20000444                __bss_start__ = _sbss
 *(.bss)
 .bss           0x20000444       0x1c c:/ac6/systemworkbench/plugins/fr.ac6.mcu.externaltools.arm-none.win32_1.15.0.201708311556/tools/compiler/bin/../lib/gcc/arm-none-eabi/6.3.1/thumb/v7e-m/fpv4-sp/hard/crtbegin.o
 .bss           0x20000460        0x1 src/I2C.o
                0x20000460                bytes_count
 *(.bss*)
 *(COMMON)
 *fill*         0x20000461        0x3 
 COMMON         0x20000464       0x10 src/I2C.o
                0x20000464                slave_address
                0x20000465                bytes_total
                0x20000468                I2C_inputBuffer
                0x2000046c                I2C_OutputBuffer
 COMMON         0x20000474       0x21 c:/ac6/systemworkbench/plugins/fr.ac6.mcu.externaltools.arm-none.win32_1.15.0.201708311556/tools/compiler/bin/../lib/gcc/arm-none-eabi/6.3.1/../../../../arm-none-eabi/lib/thumb/v7e-m/fpv4-sp/hard\libc.a(lib_a-lock.o)
                0x20000474                __lock___atexit_recursive_mutex
                0x20000478                __lock___arc4random_mutex
                0x2000047c                __lock___env_recursive_mutex
                0x20000480                __lock___sinit_recursive_mutex
                0x20000484                __lock___malloc_recursive_mutex
                0x20000488                __lock___at_quick_exit_mutex
                0x2000048c                __lock___dd_hash_mutex
                0x20000490                __lock___tz_mutex
                0x20000494                __lock___sfp_recursive_mutex
                0x20000498                . = ALIGN (0x4)
 *fill*         0x20000495        0x3 
                0x20000498                _ebss = .
                0x20000498                __bss_end__ = _ebss

._user_heap_stack
                0x20000498      0x400 load address 0x08001688
                0x20000498                . = ALIGN (0x8)
                0x20000498                PROVIDE (end, .)
                [!provide]                PROVIDE (_end, .)
                0x20000498                . = (. + _Min_Heap_Size)
                0x20000898                . = (. + _Min_Stack_Size)
 *fill*         0x20000498      0x400 
                0x20000898                . = ALIGN (0x8)

/DISCARD/
 libc.a(*)
 libm.a(*)
 libgcc.a(*)

.ARM.attributes
                0x00000000       0x30
 *(.ARM.attributes)
 .ARM.attributes
                0x00000000       0x22 c:/ac6/systemworkbench/plugins/fr.ac6.mcu.externaltools.arm-none.win32_1.15.0.201708311556/tools/compiler/bin/../lib/gcc/arm-none-eabi/6.3.1/thumb/v7e-m/fpv4-sp/hard/crti.o
 .ARM.attributes
                0x00000022       0x34 c:/ac6/systemworkbench/plugins/fr.ac6.mcu.externaltools.arm-none.win32_1.15.0.201708311556/tools/compiler/bin/../lib/gcc/arm-none-eabi/6.3.1/thumb/v7e-m/fpv4-sp/hard/crtbegin.o
 .ARM.attributes
                0x00000056       0x39 StdPeriph_Driver/src/misc.o
 .ARM.attributes
                0x0000008f       0x39 StdPeriph_Driver/src/stm32f4xx_gpio.o
 .ARM.attributes
                0x000000c8       0x39 StdPeriph_Driver/src/stm32f4xx_i2c.o
 .ARM.attributes
                0x00000101       0x39 StdPeriph_Driver/src/stm32f4xx_rcc.o
 .ARM.attributes
                0x0000013a       0x39 src/I2C.o
 .ARM.attributes
                0x00000173       0x39 src/main.o
 .ARM.attributes
                0x000001ac       0x39 src/system_stm32f4xx.o
 .ARM.attributes
                0x000001e5       0x21 startup/startup_stm32.o
 .ARM.attributes
                0x00000206       0x34 c:/ac6/systemworkbench/plugins/fr.ac6.mcu.externaltools.arm-none.win32_1.15.0.201708311556/tools/compiler/bin/../lib/gcc/arm-none-eabi/6.3.1/../../../../arm-none-eabi/lib/thumb/v7e-m/fpv4-sp/hard\libc.a(lib_a-impure.o)
 .ARM.attributes
                0x0000023a       0x34 c:/ac6/systemworkbench/plugins/fr.ac6.mcu.externaltools.arm-none.win32_1.15.0.201708311556/tools/compiler/bin/../lib/gcc/arm-none-eabi/6.3.1/../../../../arm-none-eabi/lib/thumb/v7e-m/fpv4-sp/hard\libc.a(lib_a-init.o)
 .ARM.attributes
                0x0000026e       0x20 c:/ac6/systemworkbench/plugins/fr.ac6.mcu.externaltools.arm-none.win32_1.15.0.201708311556/tools/compiler/bin/../lib/gcc/arm-none-eabi/6.3.1/../../../../arm-none-eabi/lib/thumb/v7e-m/fpv4-sp/hard\libc.a(lib_a-memcpy.o)
 .ARM.attributes
                0x0000028e       0x34 c:/ac6/systemworkbench/plugins/fr.ac6.mcu.externaltools.arm-none.win32_1.15.0.201708311556/tools/compiler/bin/../lib/gcc/arm-none-eabi/6.3.1/../../../../arm-none-eabi/lib/thumb/v7e-m/fpv4-sp/hard\libc.a(lib_a-__call_atexit.o)
 .ARM.attributes
                0x000002c2       0x34 c:/ac6/systemworkbench/plugins/fr.ac6.mcu.externaltools.arm-none.win32_1.15.0.201708311556/tools/compiler/bin/../lib/gcc/arm-none-eabi/6.3.1/../../../../arm-none-eabi/lib/thumb/v7e-m/fpv4-sp/hard\libc.a(lib_a-atexit.o)
 .ARM.attributes
                0x000002f6       0x34 c:/ac6/systemworkbench/plugins/fr.ac6.mcu.externaltools.arm-none.win32_1.15.0.201708311556/tools/compiler/bin/../lib/gcc/arm-none-eabi/6.3.1/../../../../arm-none-eabi/lib/thumb/v7e-m/fpv4-sp/hard\libc.a(lib_a-fini.o)
 .ARM.attributes
                0x0000032a       0x34 c:/ac6/systemworkbench/plugins/fr.ac6.mcu.externaltools.arm-none.win32_1.15.0.201708311556/tools/compiler/bin/../lib/gcc/arm-none-eabi/6.3.1/../../../../arm-none-eabi/lib/thumb/v7e-m/fpv4-sp/hard\libc.a(lib_a-lock.o)
 .ARM.attributes
                0x0000035e       0x34 c:/ac6/systemworkbench/plugins/fr.ac6.mcu.externaltools.arm-none.win32_1.15.0.201708311556/tools/compiler/bin/../lib/gcc/arm-none-eabi/6.3.1/../../../../arm-none-eabi/lib/thumb/v7e-m/fpv4-sp/hard\libc.a(lib_a-__atexit.o)
 .ARM.attributes
                0x00000392       0x22 c:/ac6/systemworkbench/plugins/fr.ac6.mcu.externaltools.arm-none.win32_1.15.0.201708311556/tools/compiler/bin/../lib/gcc/arm-none-eabi/6.3.1/thumb/v7e-m/fpv4-sp/hard/crtn.o
OUTPUT(I2C_Interrupts.elf elf32-littlearm)

.debug_info     0x00000000     0x3bbf
 .debug_info    0x00000000      0x551 StdPeriph_Driver/src/misc.o
 .debug_info    0x00000551      0x62c StdPeriph_Driver/src/stm32f4xx_gpio.o
 .debug_info    0x00000b7d      0xba2 StdPeriph_Driver/src/stm32f4xx_i2c.o
 .debug_info    0x0000171f      0xd71 StdPeriph_Driver/src/stm32f4xx_rcc.o
 .debug_info    0x00002490      0xfc8 src/I2C.o
 .debug_info    0x00003458      0x12d src/main.o
 .debug_info    0x00003585      0x5c5 src/system_stm32f4xx.o
 .debug_info    0x00003b4a       0x75 startup/startup_stm32.o

.debug_abbrev   0x00000000      0xaf4
 .debug_abbrev  0x00000000      0x175 StdPeriph_Driver/src/misc.o
 .debug_abbrev  0x00000175      0x1bb StdPeriph_Driver/src/stm32f4xx_gpio.o
 .debug_abbrev  0x00000330      0x194 StdPeriph_Driver/src/stm32f4xx_i2c.o
 .debug_abbrev  0x000004c4      0x1d2 StdPeriph_Driver/src/stm32f4xx_rcc.o
 .debug_abbrev  0x00000696      0x276 src/I2C.o
 .debug_abbrev  0x0000090c       0x9e src/main.o
 .debug_abbrev  0x000009aa      0x138 src/system_stm32f4xx.o
 .debug_abbrev  0x00000ae2       0x12 startup/startup_stm32.o

.debug_aranges  0x00000000      0x448
 .debug_aranges
                0x00000000       0x40 StdPeriph_Driver/src/misc.o
 .debug_aranges
                0x00000040       0x88 StdPeriph_Driver/src/stm32f4xx_gpio.o
 .debug_aranges
                0x000000c8      0x130 StdPeriph_Driver/src/stm32f4xx_i2c.o
 .debug_aranges
                0x000001f8      0x198 StdPeriph_Driver/src/stm32f4xx_rcc.o
 .debug_aranges
                0x00000390       0x40 src/I2C.o
 .debug_aranges
                0x000003d0       0x20 src/main.o
 .debug_aranges
                0x000003f0       0x30 src/system_stm32f4xx.o
 .debug_aranges
                0x00000420       0x28 startup/startup_stm32.o

.debug_ranges   0x00000000      0x3d0
 .debug_ranges  0x00000000       0x30 StdPeriph_Driver/src/misc.o
 .debug_ranges  0x00000030       0x78 StdPeriph_Driver/src/stm32f4xx_gpio.o
 .debug_ranges  0x000000a8      0x120 StdPeriph_Driver/src/stm32f4xx_i2c.o
 .debug_ranges  0x000001c8      0x188 StdPeriph_Driver/src/stm32f4xx_rcc.o
 .debug_ranges  0x00000350       0x30 src/I2C.o
 .debug_ranges  0x00000380       0x10 src/main.o
 .debug_ranges  0x00000390       0x20 src/system_stm32f4xx.o
 .debug_ranges  0x000003b0       0x20 startup/startup_stm32.o

.debug_macro    0x00000000     0xea0e
 .debug_macro   0x00000000      0x191 StdPeriph_Driver/src/misc.o
 .debug_macro   0x00000191      0x8ce StdPeriph_Driver/src/misc.o
 .debug_macro   0x00000a5f       0x65 StdPeriph_Driver/src/misc.o
 .debug_macro   0x00000ac4       0x3b StdPeriph_Driver/src/misc.o
 .debug_macro   0x00000aff       0x22 StdPeriph_Driver/src/misc.o
 .debug_macro   0x00000b21       0x87 StdPeriph_Driver/src/misc.o
 .debug_macro   0x00000ba8       0x51 StdPeriph_Driver/src/misc.o
 .debug_macro   0x00000bf9       0xef StdPeriph_Driver/src/misc.o
 .debug_macro   0x00000ce8       0x6a StdPeriph_Driver/src/misc.o
 .debug_macro   0x00000d52      0x1df StdPeriph_Driver/src/misc.o
 .debug_macro   0x00000f31       0x34 StdPeriph_Driver/src/misc.o
 .debug_macro   0x00000f65       0x26 StdPeriph_Driver/src/misc.o
 .debug_macro   0x00000f8b      0xe43 StdPeriph_Driver/src/misc.o
 .debug_macro   0x00001dce     0x7fd9 StdPeriph_Driver/src/misc.o
 .debug_macro   0x00009da7      0x44f StdPeriph_Driver/src/misc.o
 .debug_macro   0x0000a1f6       0xb2 StdPeriph_Driver/src/misc.o
 .debug_macro   0x0000a2a8      0x477 StdPeriph_Driver/src/misc.o
 .debug_macro   0x0000a71f       0xb5 StdPeriph_Driver/src/misc.o
 .debug_macro   0x0000a7d4      0x41c StdPeriph_Driver/src/misc.o
 .debug_macro   0x0000abf0      0x2f4 StdPeriph_Driver/src/misc.o
 .debug_macro   0x0000aee4      0x2ba StdPeriph_Driver/src/misc.o
 .debug_macro   0x0000b19e       0x64 StdPeriph_Driver/src/misc.o
 .debug_macro   0x0000b202       0xee StdPeriph_Driver/src/misc.o
 .debug_macro   0x0000b2f0      0x64a StdPeriph_Driver/src/misc.o
 .debug_macro   0x0000b93a      0x59e StdPeriph_Driver/src/misc.o
 .debug_macro   0x0000bed8      0x342 StdPeriph_Driver/src/misc.o
 .debug_macro   0x0000c21a      0x36c StdPeriph_Driver/src/misc.o
 .debug_macro   0x0000c586      0x10d StdPeriph_Driver/src/misc.o
 .debug_macro   0x0000c693      0x73b StdPeriph_Driver/src/misc.o
 .debug_macro   0x0000cdce      0x223 StdPeriph_Driver/src/misc.o
 .debug_macro   0x0000cff1       0x34 StdPeriph_Driver/src/misc.o
 .debug_macro   0x0000d025       0x10 StdPeriph_Driver/src/misc.o
 .debug_macro   0x0000d035       0x35 StdPeriph_Driver/src/misc.o
 .debug_macro   0x0000d06a       0x7c StdPeriph_Driver/src/misc.o
 .debug_macro   0x0000d0e6      0x18f StdPeriph_Driver/src/stm32f4xx_gpio.o
 .debug_macro   0x0000d275      0x2ee StdPeriph_Driver/src/stm32f4xx_gpio.o
 .debug_macro   0x0000d563      0x1a1 StdPeriph_Driver/src/stm32f4xx_i2c.o
 .debug_macro   0x0000d704      0x2b4 StdPeriph_Driver/src/stm32f4xx_i2c.o
 .debug_macro   0x0000d9b8      0x25e StdPeriph_Driver/src/stm32f4xx_rcc.o
 .debug_macro   0x0000dc16      0x255 src/I2C.o
 .debug_macro   0x0000de6b       0x58 src/I2C.o
 .debug_macro   0x0000dec3       0x35 src/I2C.o
 .debug_macro   0x0000def8       0x9c src/I2C.o
 .debug_macro   0x0000df94      0x174 src/I2C.o
 .debug_macro   0x0000e108       0x58 src/I2C.o
 .debug_macro   0x0000e160       0x1f src/I2C.o
 .debug_macro   0x0000e17f       0x43 src/I2C.o
 .debug_macro   0x0000e1c2       0x20 src/I2C.o
 .debug_macro   0x0000e1e2      0x187 src/I2C.o
 .debug_macro   0x0000e369      0x330 src/I2C.o
 .debug_macro   0x0000e699       0x10 src/I2C.o
 .debug_macro   0x0000e6a9       0x35 src/I2C.o
 .debug_macro   0x0000e6de      0x18b src/main.o
 .debug_macro   0x0000e869      0x1a5 src/system_stm32f4xx.o

.debug_line     0x00000000     0x3306
 .debug_line    0x00000000      0x5f7 StdPeriph_Driver/src/misc.o
 .debug_line    0x000005f7      0x71f StdPeriph_Driver/src/stm32f4xx_gpio.o
 .debug_line    0x00000d16      0x8b3 StdPeriph_Driver/src/stm32f4xx_i2c.o
 .debug_line    0x000015c9      0x9a9 StdPeriph_Driver/src/stm32f4xx_rcc.o
 .debug_line    0x00001f72      0x75c src/I2C.o
 .debug_line    0x000026ce      0x5cc src/main.o
 .debug_line    0x00002c9a      0x5f0 src/system_stm32f4xx.o
 .debug_line    0x0000328a       0x7c startup/startup_stm32.o

.debug_str      0x00000000    0x57097
 .debug_str     0x00000000    0x528d9 StdPeriph_Driver/src/misc.o
                              0x52a7b (size before relaxing)
 .debug_str     0x000528d9      0x2cb StdPeriph_Driver/src/stm32f4xx_gpio.o
                              0x52b23 (size before relaxing)
 .debug_str     0x00052ba4      0x4fa StdPeriph_Driver/src/stm32f4xx_i2c.o
                              0x52d99 (size before relaxing)
 .debug_str     0x0005309e      0xc37 StdPeriph_Driver/src/stm32f4xx_rcc.o
                              0x53582 (size before relaxing)
 .debug_str     0x00053cd5     0x32fc src/I2C.o
                              0x55efc (size before relaxing)
 .debug_str     0x00056fd1       0x18 src/main.o
                              0x5282e (size before relaxing)
 .debug_str     0x00056fe9       0xae src/system_stm32f4xx.o
                              0x52a43 (size before relaxing)

.comment        0x00000000       0x7f
 .comment       0x00000000       0x7f StdPeriph_Driver/src/misc.o
                                 0x80 (size before relaxing)
 .comment       0x0000007f       0x80 StdPeriph_Driver/src/stm32f4xx_gpio.o
 .comment       0x0000007f       0x80 StdPeriph_Driver/src/stm32f4xx_i2c.o
 .comment       0x0000007f       0x80 StdPeriph_Driver/src/stm32f4xx_rcc.o
 .comment       0x0000007f       0x80 src/I2C.o
 .comment       0x0000007f       0x80 src/main.o
 .comment       0x0000007f       0x80 src/system_stm32f4xx.o

.debug_frame    0x00000000     0x1328
 .debug_frame   0x00000000       0xd8 StdPeriph_Driver/src/misc.o
 .debug_frame   0x000000d8      0x23c StdPeriph_Driver/src/stm32f4xx_gpio.o
 .debug_frame   0x00000314      0x580 StdPeriph_Driver/src/stm32f4xx_i2c.o
 .debug_frame   0x00000894      0x774 StdPeriph_Driver/src/stm32f4xx_rcc.o
 .debug_frame   0x00001008       0xbc src/I2C.o
 .debug_frame   0x000010c4       0x30 src/main.o
 .debug_frame   0x000010f4       0x74 src/system_stm32f4xx.o
 .debug_frame   0x00001168       0x2c c:/ac6/systemworkbench/plugins/fr.ac6.mcu.externaltools.arm-none.win32_1.15.0.201708311556/tools/compiler/bin/../lib/gcc/arm-none-eabi/6.3.1/../../../../arm-none-eabi/lib/thumb/v7e-m/fpv4-sp/hard\libc.a(lib_a-init.o)
 .debug_frame   0x00001194       0x5c c:/ac6/systemworkbench/plugins/fr.ac6.mcu.externaltools.arm-none.win32_1.15.0.201708311556/tools/compiler/bin/../lib/gcc/arm-none-eabi/6.3.1/../../../../arm-none-eabi/lib/thumb/v7e-m/fpv4-sp/hard\libc.a(lib_a-__call_atexit.o)
 .debug_frame   0x000011f0       0x20 c:/ac6/systemworkbench/plugins/fr.ac6.mcu.externaltools.arm-none.win32_1.15.0.201708311556/tools/compiler/bin/../lib/gcc/arm-none-eabi/6.3.1/../../../../arm-none-eabi/lib/thumb/v7e-m/fpv4-sp/hard\libc.a(lib_a-atexit.o)
 .debug_frame   0x00001210       0x34 c:/ac6/systemworkbench/plugins/fr.ac6.mcu.externaltools.arm-none.win32_1.15.0.201708311556/tools/compiler/bin/../lib/gcc/arm-none-eabi/6.3.1/../../../../arm-none-eabi/lib/thumb/v7e-m/fpv4-sp/hard\libc.a(lib_a-fini.o)
 .debug_frame   0x00001244       0xb0 c:/ac6/systemworkbench/plugins/fr.ac6.mcu.externaltools.arm-none.win32_1.15.0.201708311556/tools/compiler/bin/../lib/gcc/arm-none-eabi/6.3.1/../../../../arm-none-eabi/lib/thumb/v7e-m/fpv4-sp/hard\libc.a(lib_a-lock.o)
 .debug_frame   0x000012f4       0x34 c:/ac6/systemworkbench/plugins/fr.ac6.mcu.externaltools.arm-none.win32_1.15.0.201708311556/tools/compiler/bin/../lib/gcc/arm-none-eabi/6.3.1/../../../../arm-none-eabi/lib/thumb/v7e-m/fpv4-sp/hard\libc.a(lib_a-__atexit.o)
